c:\users\roshansurabhi\repo\researchbench\researchbench\x64\release\main.obj
c:\users\roshansurabhi\repo\researchbench\researchbench\x64\release\tests.obj
c:\users\roshansurabhi\repo\researchbench\researchbench\x64\release\returnconsumers.obj
c:\users\roshansurabhi\repo\researchbench\researchbench\x64\release\snapshotstreamadapter.obj
c:\users\roshansurabhi\repo\researchbench\researchbench\x64\release\researchbenchengine.obj
c:\users\roshansurabhi\repo\researchbench\researchbench\x64\release\fitdiagnostics.obj
c:\users\roshansurabhi\repo\researchbench\researchbench\x64\release\cvifitbridge.obj
c:\users\roshansurabhi\repo\researchbench\researchbench\x64\release\binfitpipeline.obj
c:\users\roshansurabhi\repo\researchbench\researchbench\x64\release\exporters.obj
c:\users\roshansurabhi\repo\researchbench\researchbench\x64\release\delayedcallbackscheduler.obj
c:\users\roshansurabhi\repo\researchbench\researchbench\x64\release\volsnapshottosurfexpir.obj
c:\users\roshansurabhi\repo\researchbench\researchbench\x64\release\vc143.pdb
c:\users\roshansurabhi\repo\researchbench\researchbench\x64\release\binfitclampedreplica.obj
c:\users\roshansurabhi\repo\researchbench\x64\release\researchbench.exe
c:\users\roshansurabhi\repo\researchbench\x64\release\researchbench.pdb
c:\users\roshansurabhi\repo\researchbench\x64\release\researchbench.lib
c:\users\roshansurabhi\repo\researchbench\x64\release\researchbench.exp
c:\users\roshansurabhi\repo\researchbench\researchbench\x64\release\researchbench.ipdb
c:\users\roshansurabhi\repo\researchbench\researchbench\x64\release\researchbench.iobj
c:\users\roshansurabhi\repo\researchbench\researchbench\x64\release\binfitfullartifacts.obj
c:\users\roshansurabhi\repo\researchbench\researchbench\x64\release\cviartifactwriter.obj
c:\users\roshansurabhi\repo\researchbench\researchbench\x64\release\researchbench.tlog\cl.command.1.tlog
c:\users\roshansurabhi\repo\researchbench\researchbench\x64\release\researchbench.tlog\cl.items.tlog
c:\users\roshansurabhi\repo\researchbench\researchbench\x64\release\researchbench.tlog\cl.read.1.tlog
c:\users\roshansurabhi\repo\researchbench\researchbench\x64\release\researchbench.tlog\cl.write.1.tlog
c:\users\roshansurabhi\repo\researchbench\researchbench\x64\release\researchbench.tlog\link.command.1.tlog
c:\users\roshansurabhi\repo\researchbench\researchbench\x64\release\researchbench.tlog\link.read.1.tlog
c:\users\roshansurabhi\repo\researchbench\researchbench\x64\release\researchbench.tlog\link.secondary.1.tlog
c:\users\roshansurabhi\repo\researchbench\researchbench\x64\release\researchbench.tlog\link.write.1.tlog
